// Jest Snapshot v1, https://goo.gl/fbAQLP

exports[`Footer renders correctly 1`] = `
<div
  className="footer"
>
  <div
    className="footer__content"
  >
    <div
      className="footer__links"
    >
      <a
        href="#"
      >
        <div
          className="text text_size_13-18 text_view_ghost text_type_link"
        >
          Support
        </div>
      </a>
      <a
        href="#"
      >
        <div
          className="text text_size_13-18 text_view_ghost text_type_link"
        >
          Learning
        </div>
      </a>
    </div>
    <div
      className="footer__copyright"
    >
      <a
        href="https://github.com/playhardgopro"
      >
        <div
          className="text text_size_13-18 text_view_ghost text_type_link"
        >
          Â© 2020 Daniil Egortsev
        </div>
      </a>
    </div>
  </div>
</div>
`;
